// Jest Snapshot v1, https://goo.gl/fbAQLP

exports[`matches snapshot 1`] = `
<DocumentFragment>
  <div>
    <iframe
      allow="accelerometer; autoplay=1; clipboard-write; encrypted-media; gyroscope; picture-in-picture"
      allowfullscreen=""
      class="video"
      src="https://www.youtube.com/embed/"
      title="Hippopotamus youTube"
    />
  </div>
</DocumentFragment>
`;
